root@freepbx-eu:~# asterisk -rx "pjsip show endpoints"

 Endpoint:  <Endpoint/CID.....................................>  <State.....>  <Channels.>
    I/OAuth:  <AuthId/UserName...........................................................>
        Aor:  <Aor............................................>  <MaxContact>
      Contact:  <Aor/ContactUri..........................> <Hash....> <Status> <RTT(ms)..>
  Transport:  <TransportId........>  <Type>  <cos>  <tos>  <BindAddress..................>
   Identify:  <Identify/Endpoint.........................................................>
        Match:  <criteria.........................>
    Channel:  <ChannelId......................................>  <State.....>  <Time.....>
        Exten: <DialedExten...........>  CLCID: <ConnectedLineCID.......>
==========================================================================================

 Endpoint:  1101/1101                                            Unavailable   0 of inf
     InAuth:  1101-auth/1101
        Aor:  1101                                               1

 Endpoint:  retell_in                                            Unavailable   0 of inf
  Transport:  0.0.0.0-udp               udp      3     96  0.0.0.0:5060
   Identify:  retell_in_identify/retell_in
        Match: 130.162.187.104/32
        Match: 143.223.88.0/21
        Match: 161.115.160.0/19
        Match: 18.98.16.0/24
        Match: 89.168.121.54/32

 Endpoint:  retell_trunk2                                        Not in use    0 of inf
     InAuth:  retell_trunk2/retell_trunk2
        Aor:  retell_trunk2                                      0
      Contact:  retell_trunk2/sip:5t4n6j0wnrl.sip.livekit. 8c7ed92255 Avail        54.129
  Transport:  0.0.0.0-udp               udp      3     96  0.0.0.0:5060
   Identify:  retell_trunk2/retell_trunk2
        Match: 130.162.187.104/32
        Match: 43.223.88.0/21
        Match: 161.115.160.0/19
        Match: 18.98.16.0/24

 Endpoint:  ru_asterisk_vpn                                      Not in use    0 of inf
        Aor:  ru_asterisk_vpn_aor                                0
      Contact:  ru_asterisk_vpn_aor/sip:10.0.0.2:5060      22248fa2fe NonQual         nan
   Identify:  ru_asterisk_vpn_identify/ru_asterisk_vpn
        Match: 10.0.0.2/32


Objects found: 4

root@freepbx-eu:~#


root@freepbx17:~# asterisk -rx "pjsip show endpoints"
No objects found.


root@freepbx17:~# cat -A /etc/asterisk/pjsip_custom.conf | head -50
; ===== RU -> EU (VPN) M-bM-^@M-^T M-PM-^QM-PM-^UM-PM-^W M-PM-^PM-PM-#M-PM-"M-PM-^UM-PM-^]M-PM-"M-PM-^XM-PM-$M-PM-^XM-PM-^ZM-PM-^PM-PM-&M-PM-^XM-PM-^X =====$
[eu_asterisk_vpn]$
type=endpoint$
context=from-ru-vpn$
disallow=all$
allow=ulaw,alaw$
aors=eu_asterisk_vpn_aor$
direct_media=no$
rtp_symmetric=yes$
force_rport=yes$
rewrite_contact=yes$
$
[eu_asterisk_vpn_aor]$
type=aor$
contact=sip:10.0.0.1:5060$
$
[eu_asterisk_vpn_identify]$
type=identify$
endpoint=eu_asterisk_vpn$
match=10.0.0.1$
$
$
; ===== Mango Telecom =====$
[mango_telecom]$
type=endpoint$
transport=0.0.0.0-udp$
context=from-mango-retell$
disallow=all$
allow=ulaw,alaw,g729$
aors=mango_telecom_aor$
direct_media=no$
rtp_symmetric=yes$
force_rport=yes$
rewrite_contact=yes$
$
[mango_telecom_aor]$
type=aor$
contact=sip:81.88.86.35:5060$
$
[mango_telecom_identify]$
type=identify$
endpoint=mango_telecom$
match=81.88.86.35/32$
match=81.88.88.0/24$
$
root@freepbx17:~#


root@freepbx-eu:~# grep -r "pjsip_custom" /etc/asterisk/pjsip.conf
#include pjsip_custom.conf
#include pjsip_custom_post.conf
root@freepbx-eu:~#

root@freepbx17:~# grep -r "pjsip_custom" /etc/asterisk/pjsip.conf
#include pjsip_custom.conf
#include pjsip_custom_post.conf
root@freepbx17:~#

root@freepbx-eu:~#
root@freepbx-eu:~#
root@freepbx-eu:~# asterisk -rx "core reload"
tail -100 /var/log/asterisk/full | grep -i error
root@freepbx-eu:~#

root@freepbx17:~#
root@freepbx17:~# asterisk -rx "core reload"
tail -100 /var/log/asterisk/full | grep -i error
root@freepbx17:~#


в веб интерфейсе на ру
Name
Tech
CallerID
Status
Actions
mango_telecom	pjsip	78122107151	Enabled
retell_trunk2	pjsip	+37127873106	Enabled